// Jest Snapshot v1, https://goo.gl/fbAQLP

exports[`Wetin they occur 1`] = `ShallowWrapper {}`;
